To honour the JVM settings for this build a single-use Daemon process will be forked. For more on this, please refer to https://docs.gradle.org/8.11.1/userguide/gradle_daemon.html#sec:disabling_the_daemon in the Gradle documentation.
Daemon will be stopped at the end of the build 
[Incubating] Problems report is available at: file:///C:/Users/user/AndroidStudioProjects/RMPlusR/RMPlus/build/reports/problems/problems-report.html
./gradlew : 
At line:1 char:1
+ ./gradlew :app:mergeDebugResources --no-daemon 
--stacktrace > build_o ...
+ ~~~~~~~~~~~~~~~~~~~~~~~~~~~~~~~~~~~~~~~~~~~~~~~~~~~~~
~~~~~~~~~~~~~~~~
    + CategoryInfo          : NotSpecified: (:String)  
   [], RemoteException
    + FullyQualifiedErrorId : NativeCommandError
 
FAILURE: Build failed with an exception.

* Where:
Build file 'C:\Users\user\AndroidStudioProjects\RMPlusR
\RMPlus\app\build.gradle' line: 1

* What went wrong:
An exception occurred applying plugin request [id: 
'com.android.application', version: '8.10.1']
> Failed to apply plugin 
'com.android.internal.application'.
   > Android Gradle plugin requires Java 17 to run. 
You are currently using Java 11.
      Your current JDK is located in C:\Program 
Files\Microsoft\jdk-11.0.16.101-hotspot
      You can try some of the following options:
       - changing the IDE settings.
       - changing the JAVA_HOME environment variable.
       - changing `org.gradle.java.home` in 
`gradle.properties`.

* Try:
> Run with --info or --debug option to get more log 
output.
> Run with --scan to get full insights.
> Get more help at https://help.gradle.org.

* Exception is:
org.gradle.api.plugins.InvalidPluginException: An 
exception occurred applying plugin request [id: 
'com.android.application', version: '8.10.1']
	at org.gradle.plugin.use.internal.DefaultPluginRequest
Applicator.exceptionOccurred(DefaultPluginRequestApplic
ator.java:179)
	at org.gradle.plugin.use.internal.DefaultPluginRequest
Applicator.access$400(DefaultPluginRequestApplicator.ja
va:52)
	at org.gradle.plugin.use.internal.DefaultPluginRequest
Applicator$ApplyAction.apply(DefaultPluginRequestApplic
ator.java:160)
	at org.gradle.plugin.use.internal.DefaultPluginRequest
Applicator.lambda$applyPlugins$1(DefaultPluginRequestAp
plicator.java:130)
	at org.gradle.plugin.use.internal.DefaultPluginRequest
Applicator.applyPlugins(DefaultPluginRequestApplicator.
java:130)
	at org.gradle.configuration.DefaultScriptPluginFactory
$ScriptPluginImpl.apply(DefaultScriptPluginFactory.java
:126)
	at org.gradle.configuration.BuildOperationScriptPlugin
$1.run(BuildOperationScriptPlugin.java:68)
	at org.gradle.internal.operations.DefaultBuildOperatio
nRunner$1.execute(DefaultBuildOperationRunner.java:29)
	at org.gradle.internal.operations.DefaultBuildOperatio
nRunner$1.execute(DefaultBuildOperationRunner.java:26)
	at org.gradle.internal.operations.DefaultBuildOperatio
nRunner$2.execute(DefaultBuildOperationRunner.java:66)
	at org.gradle.internal.operations.DefaultBuildOperatio
nRunner$2.execute(DefaultBuildOperationRunner.java:59)
	at org.gradle.internal.operations.DefaultBuildOperatio
nRunner.execute(DefaultBuildOperationRunner.java:166)
	at org.gradle.internal.operations.DefaultBuildOperatio
nRunner.execute(DefaultBuildOperationRunner.java:59)
	at org.gradle.internal.operations.DefaultBuildOperatio
nRunner.run(DefaultBuildOperationRunner.java:47)
	at org.gradle.configuration.BuildOperationScriptPlugin
.lambda$apply$0(BuildOperationScriptPlugin.java:65)
	at org.gradle.internal.code.DefaultUserCodeApplication
Context.apply(DefaultUserCodeApplicationContext.java:44
)
	at org.gradle.configuration.BuildOperationScriptPlugin
.apply(BuildOperationScriptPlugin.java:65)
	at org.gradle.api.internal.project.DefaultProjectState
Registry$ProjectStateImpl.lambda$applyToMutableState$1(
DefaultProjectStateRegistry.java:411)
	at org.gradle.api.internal.project.DefaultProjectState
Registry$ProjectStateImpl.fromMutableState(DefaultProje
ctStateRegistry.java:429)
	at org.gradle.api.internal.project.DefaultProjectState
Registry$ProjectStateImpl.applyToMutableState(DefaultPr
ojectStateRegistry.java:410)
	at org.gradle.configuration.project.BuildScriptProcess
or.execute(BuildScriptProcessor.java:46)
	at org.gradle.configuration.project.BuildScriptProcess
or.execute(BuildScriptProcessor.java:27)
	at org.gradle.configuration.project.ConfigureActionsPr
ojectEvaluator.evaluate(ConfigureActionsProjectEvaluato
r.java:35)
	at org.gradle.configuration.project.LifecycleProjectEv
aluator$EvaluateProject.lambda$run$0(LifecycleProjectEv
aluator.java:109)
	at org.gradle.api.internal.project.DefaultProjectState
Registry$ProjectStateImpl.lambda$applyToMutableState$1(
DefaultProjectStateRegistry.java:411)
	at org.gradle.api.internal.project.DefaultProjectState
Registry$ProjectStateImpl.lambda$fromMutableState$2(Def
aultProjectStateRegistry.java:434)
	at org.gradle.internal.work.DefaultWorkerLeaseService.
withReplacedLocks(DefaultWorkerLeaseService.java:359)
	at org.gradle.api.internal.project.DefaultProjectState
Registry$ProjectStateImpl.fromMutableState(DefaultProje
ctStateRegistry.java:434)
	at org.gradle.api.internal.project.DefaultProjectState
Registry$ProjectStateImpl.applyToMutableState(DefaultPr
ojectStateRegistry.java:410)
	at org.gradle.configuration.project.LifecycleProjectEv
aluator$EvaluateProject.run(LifecycleProjectEvaluator.j
ava:100)
	at org.gradle.internal.operations.DefaultBuildOperatio
nRunner$1.execute(DefaultBuildOperationRunner.java:29)
	at org.gradle.internal.operations.DefaultBuildOperatio
nRunner$1.execute(DefaultBuildOperationRunner.java:26)
	at org.gradle.internal.operations.DefaultBuildOperatio
nRunner$2.execute(DefaultBuildOperationRunner.java:66)
	at org.gradle.internal.operations.DefaultBuildOperatio
nRunner$2.execute(DefaultBuildOperationRunner.java:59)
	at org.gradle.internal.operations.DefaultBuildOperatio
nRunner.execute(DefaultBuildOperationRunner.java:166)
	at org.gradle.internal.operations.DefaultBuildOperatio
nRunner.execute(DefaultBuildOperationRunner.java:59)
	at org.gradle.internal.operations.DefaultBuildOperatio
nRunner.run(DefaultBuildOperationRunner.java:47)
	at org.gradle.configuration.project.LifecycleProjectEv
aluator.evaluate(LifecycleProjectEvaluator.java:72)
	at org.gradle.api.internal.project.DefaultProject.eval
uateUnchecked(DefaultProject.java:825)
	at org.gradle.api.internal.project.ProjectLifecycleCon
troller.lambda$ensureSelfConfigured$2(ProjectLifecycleC
ontroller.java:85)
	at org.gradle.internal.model.StateTransitionController
.lambda$doTransition$14(StateTransitionController.java:
255)
	at org.gradle.internal.model.StateTransitionController
.doTransition(StateTransitionController.java:266)
	at org.gradle.internal.model.StateTransitionController
.doTransition(StateTransitionController.java:254)
	at org.gradle.internal.model.StateTransitionController
.lambda$maybeTransitionIfNotCurrentlyTransitioning$10(S
tateTransitionController.java:199)
	at org.gradle.internal.work.DefaultSynchronizer.withLo
ck(DefaultSynchronizer.java:36)
	at org.gradle.internal.model.StateTransitionController
.maybeTransitionIfNotCurrentlyTransitioning(StateTransi
tionController.java:195)
	at org.gradle.api.internal.project.ProjectLifecycleCon
troller.ensureSelfConfigured(ProjectLifecycleController
.java:85)
	at org.gradle.api.internal.project.DefaultProjectState
Registry$ProjectStateImpl.ensureConfigured(DefaultProje
ctStateRegistry.java:385)
	at org.gradle.execution.TaskPathProjectEvaluator.confi
gure(TaskPathProjectEvaluator.java:42)
	at org.gradle.execution.TaskPathProjectEvaluator.confi
gureHierarchy(TaskPathProjectEvaluator.java:58)
	at org.gradle.configuration.DefaultProjectsPreparer.pr
epareProjects(DefaultProjectsPreparer.java:50)
	at org.gradle.configuration.BuildTreePreparingProjects
Preparer.prepareProjects(BuildTreePreparingProjectsPrep
arer.java:65)
	at org.gradle.configuration.BuildOperationFiringProjec
tsPreparer$ConfigureBuild.run(BuildOperationFiringProje
ctsPreparer.java:52)
	at org.gradle.internal.operations.DefaultBuildOperatio
nRunner$1.execute(DefaultBuildOperationRunner.java:29)
	at org.gradle.internal.operations.DefaultBuildOperatio
nRunner$1.execute(DefaultBuildOperationRunner.java:26)
	at org.gradle.internal.operations.DefaultBuildOperatio
nRunner$2.execute(DefaultBuildOperationRunner.java:66)
	at org.gradle.internal.operations.DefaultBuildOperatio
nRunner$2.execute(DefaultBuildOperationRunner.java:59)
	at org.gradle.internal.operations.DefaultBuildOperatio
nRunner.execute(DefaultBuildOperationRunner.java:166)
	at org.gradle.internal.operations.DefaultBuildOperatio
nRunner.execute(DefaultBuildOperationRunner.java:59)
	at org.gradle.internal.operations.DefaultBuildOperatio
nRunner.run(DefaultBuildOperationRunner.java:47)
	at org.gradle.configuration.BuildOperationFiringProjec
tsPreparer.prepareProjects(BuildOperationFiringProjects
Preparer.java:40)
	at org.gradle.initialization.VintageBuildModelControll
er.lambda$prepareProjects$2(VintageBuildModelController
.java:84)
	at org.gradle.internal.model.StateTransitionController
.lambda$doTransition$14(StateTransitionController.java:
255)
	at org.gradle.internal.model.StateTransitionController
.doTransition(StateTransitionController.java:266)
	at org.gradle.internal.model.StateTransitionController
.doTransition(StateTransitionController.java:254)
	at org.gradle.internal.model.StateTransitionController
.lambda$transitionIfNotPreviously$11(StateTransitionCon
troller.java:213)
	at org.gradle.internal.work.DefaultSynchronizer.withLo
ck(DefaultSynchronizer.java:36)
	at org.gradle.internal.model.StateTransitionController
.transitionIfNotPreviously(StateTransitionController.ja
va:209)
	at org.gradle.initialization.VintageBuildModelControll
er.prepareProjects(VintageBuildModelController.java:84)
	at org.gradle.initialization.VintageBuildModelControll
er.prepareToScheduleTasks(VintageBuildModelController.j
ava:71)
	at org.gradle.internal.build.DefaultBuildLifecycleCont
roller.lambda$prepareToScheduleTasks$6(DefaultBuildLife
cycleController.java:175)
	at org.gradle.internal.model.StateTransitionController
.lambda$doTransition$14(StateTransitionController.java:
255)
	at org.gradle.internal.model.StateTransitionController
.doTransition(StateTransitionController.java:266)
	at org.gradle.internal.model.StateTransitionController
.doTransition(StateTransitionController.java:254)
	at org.gradle.internal.model.StateTransitionController
.lambda$maybeTransition$9(StateTransitionController.jav
a:190)
	at org.gradle.internal.work.DefaultSynchronizer.withLo
ck(DefaultSynchronizer.java:36)
	at org.gradle.internal.model.StateTransitionController
.maybeTransition(StateTransitionController.java:186)
	at org.gradle.internal.build.DefaultBuildLifecycleCont
roller.prepareToScheduleTasks(DefaultBuildLifecycleCont
roller.java:173)
	at org.gradle.internal.buildtree.DefaultBuildTreeWorkP
reparer.scheduleRequestedTasks(DefaultBuildTreeWorkPrep
arer.java:36)
	at org.gradle.internal.cc.impl.VintageBuildTreeWorkCon
troller$scheduleAndRunRequestedTasks$1.apply(VintageBui
ldTreeWorkController.kt:36)
	at org.gradle.internal.cc.impl.VintageBuildTreeWorkCon
troller$scheduleAndRunRequestedTasks$1.apply(VintageBui
ldTreeWorkController.kt:35)
	at org.gradle.composite.internal.DefaultIncludedBuildT
askGraph.withNewWorkGraph(DefaultIncludedBuildTaskGraph
.java:112)
	at org.gradle.internal.cc.impl.VintageBuildTreeWorkCon
troller.scheduleAndRunRequestedTasks(VintageBuildTreeWo
rkController.kt:35)
	at org.gradle.internal.buildtree.DefaultBuildTreeLifec
ycleController.lambda$scheduleAndRunTasks$1(DefaultBuil
dTreeLifecycleController.java:77)
	at org.gradle.internal.buildtree.DefaultBuildTreeLifec
ycleController.lambda$runBuild$4(DefaultBuildTreeLifecy
cleController.java:120)
	at org.gradle.internal.model.StateTransitionController
.lambda$transition$6(StateTransitionController.java:169
)
	at org.gradle.internal.model.StateTransitionController
.doTransition(StateTransitionController.java:266)
	at org.gradle.internal.model.StateTransitionController
.lambda$transition$7(StateTransitionController.java:169
)
	at org.gradle.internal.work.DefaultSynchronizer.withLo
ck(DefaultSynchronizer.java:46)
	at org.gradle.internal.model.StateTransitionController
.transition(StateTransitionController.java:169)
	at org.gradle.internal.buildtree.DefaultBuildTreeLifec
ycleController.runBuild(DefaultBuildTreeLifecycleContro
ller.java:117)
	at org.gradle.internal.buildtree.DefaultBuildTreeLifec
ycleController.scheduleAndRunTasks(DefaultBuildTreeLife
cycleController.java:77)
	at org.gradle.internal.buildtree.DefaultBuildTreeLifec
ycleController.scheduleAndRunTasks(DefaultBuildTreeLife
cycleController.java:72)
	at org.gradle.tooling.internal.provider.ExecuteBuildAc
tionRunner.run(ExecuteBuildActionRunner.java:31)
	at org.gradle.launcher.exec.ChainingBuildActionRunner.
run(ChainingBuildActionRunner.java:35)
	at org.gradle.internal.buildtree.ProblemReportingBuild
ActionRunner.run(ProblemReportingBuildActionRunner.java
:49)
	at org.gradle.launcher.exec.BuildOutcomeReportingBuild
ActionRunner.run(BuildOutcomeReportingBuildActionRunner
.java:66)
	at org.gradle.tooling.internal.provider.FileSystemWatc
hingBuildActionRunner.run(FileSystemWatchingBuildAction
Runner.java:140)
	at org.gradle.launcher.exec.BuildCompletionNotifyingBu
ildActionRunner.run(BuildCompletionNotifyingBuildAction
Runner.java:41)
	at org.gradle.launcher.exec.RootBuildLifecycleBuildAct
ionExecutor.lambda$execute$0(RootBuildLifecycleBuildAct
ionExecutor.java:54)
	at org.gradle.composite.internal.DefaultRootBuildState
.run(DefaultRootBuildState.java:130)
	at org.gradle.launcher.exec.RootBuildLifecycleBuildAct
ionExecutor.execute(RootBuildLifecycleBuildActionExecut
or.java:54)
	at org.gradle.internal.buildtree.InitDeprecationLoggin
gActionExecutor.execute(InitDeprecationLoggingActionExe
cutor.java:62)
	at org.gradle.internal.buildtree.InitProblems.execute(
InitProblems.java:36)
	at org.gradle.internal.buildtree.DefaultBuildTreeConte
xt.execute(DefaultBuildTreeContext.java:40)
	at org.gradle.launcher.exec.BuildTreeLifecycleBuildAct
ionExecutor.lambda$execute$0(BuildTreeLifecycleBuildAct
ionExecutor.java:71)
	at org.gradle.internal.buildtree.BuildTreeState.run(Bu
ildTreeState.java:60)
	at org.gradle.launcher.exec.BuildTreeLifecycleBuildAct
ionExecutor.execute(BuildTreeLifecycleBuildActionExecut
or.java:71)
	at org.gradle.launcher.exec.RunAsBuildOperationBuildAc
tionExecutor$3.call(RunAsBuildOperationBuildActionExecu
tor.java:61)
	at org.gradle.launcher.exec.RunAsBuildOperationBuildAc
tionExecutor$3.call(RunAsBuildOperationBuildActionExecu
tor.java:57)
	at org.gradle.internal.operations.DefaultBuildOperatio
nRunner$CallableBuildOperationWorker.execute(DefaultBui
ldOperationRunner.java:209)
	at org.gradle.internal.operations.DefaultBuildOperatio
nRunner$CallableBuildOperationWorker.execute(DefaultBui
ldOperationRunner.java:204)
	at org.gradle.internal.operations.DefaultBuildOperatio
nRunner$2.execute(DefaultBuildOperationRunner.java:66)
	at org.gradle.internal.operations.DefaultBuildOperatio
nRunner$2.execute(DefaultBuildOperationRunner.java:59)
	at org.gradle.internal.operations.DefaultBuildOperatio
nRunner.execute(DefaultBuildOperationRunner.java:166)
	at org.gradle.internal.operations.DefaultBuildOperatio
nRunner.execute(DefaultBuildOperationRunner.java:59)
	at org.gradle.internal.operations.DefaultBuildOperatio
nRunner.call(DefaultBuildOperationRunner.java:53)
	at org.gradle.launcher.exec.RunAsBuildOperationBuildAc
tionExecutor.execute(RunAsBuildOperationBuildActionExec
utor.java:57)
	at org.gradle.launcher.exec.RunAsWorkerThreadBuildActi
onExecutor.lambda$execute$0(RunAsWorkerThreadBuildActio
nExecutor.java:36)
	at org.gradle.internal.work.DefaultWorkerLeaseService.
withLocks(DefaultWorkerLeaseService.java:263)
	at org.gradle.internal.work.DefaultWorkerLeaseService.
runAsWorkerThread(DefaultWorkerLeaseService.java:127)
	at org.gradle.launcher.exec.RunAsWorkerThreadBuildActi
onExecutor.execute(RunAsWorkerThreadBuildActionExecutor
.java:36)
	at org.gradle.tooling.internal.provider.continuous.Con
tinuousBuildActionExecutor.execute(ContinuousBuildActio
nExecutor.java:110)
	at org.gradle.tooling.internal.provider.SubscribableBu
ildActionExecutor.execute(SubscribableBuildActionExecut
or.java:64)
	at org.gradle.internal.session.DefaultBuildSessionCont
ext.execute(DefaultBuildSessionContext.java:46)
	at org.gradle.internal.buildprocess.execution.BuildSes
sionLifecycleBuildActionExecutor$ActionImpl.apply(Build
SessionLifecycleBuildActionExecutor.java:92)
	at org.gradle.internal.buildprocess.execution.BuildSes
sionLifecycleBuildActionExecutor$ActionImpl.apply(Build
SessionLifecycleBuildActionExecutor.java:80)
	at org.gradle.internal.session.BuildSessionState.run(B
uildSessionState.java:71)
	at org.gradle.internal.buildprocess.execution.BuildSes
sionLifecycleBuildActionExecutor.execute(BuildSessionLi
fecycleBuildActionExecutor.java:62)
	at org.gradle.internal.buildprocess.execution.BuildSes
sionLifecycleBuildActionExecutor.execute(BuildSessionLi
fecycleBuildActionExecutor.java:41)
	at org.gradle.internal.buildprocess.execution.StartPar
amsValidatingActionExecutor.execute(StartParamsValidati
ngActionExecutor.java:64)
	at org.gradle.internal.buildprocess.execution.StartPar
amsValidatingActionExecutor.execute(StartParamsValidati
ngActionExecutor.java:32)
	at org.gradle.internal.buildprocess.execution.SessionF
ailureReportingActionExecutor.execute(SessionFailureRep
ortingActionExecutor.java:51)
	at org.gradle.internal.buildprocess.execution.SessionF
ailureReportingActionExecutor.execute(SessionFailureRep
ortingActionExecutor.java:39)
	at org.gradle.internal.buildprocess.execution.SetupLog
gingActionExecutor.execute(SetupLoggingActionExecutor.j
ava:47)
	at org.gradle.internal.buildprocess.execution.SetupLog
gingActionExecutor.execute(SetupLoggingActionExecutor.j
ava:31)
	at org.gradle.launcher.daemon.server.exec.ExecuteBuild
.doBuild(ExecuteBuild.java:70)
	at org.gradle.launcher.daemon.server.exec.BuildCommand
Only.execute(BuildCommandOnly.java:37)
	at org.gradle.launcher.daemon.server.api.DaemonCommand
Execution.proceed(DaemonCommandExecution.java:104)
	at org.gradle.launcher.daemon.server.exec.WatchForDisc
onnection.execute(WatchForDisconnection.java:39)
	at org.gradle.launcher.daemon.server.api.DaemonCommand
Execution.proceed(DaemonCommandExecution.java:104)
	at org.gradle.launcher.daemon.server.exec.ResetDepreca
tionLogger.execute(ResetDeprecationLogger.java:29)
	at org.gradle.launcher.daemon.server.api.DaemonCommand
Execution.proceed(DaemonCommandExecution.java:104)
	at org.gradle.launcher.daemon.server.exec.RequestStopI
fSingleUsedDaemon.execute(RequestStopIfSingleUsedDaemon
.java:35)
	at org.gradle.launcher.daemon.server.api.DaemonCommand
Execution.proceed(DaemonCommandExecution.java:104)
	at org.gradle.launcher.daemon.server.exec.ForwardClien
tInput.lambda$execute$0(ForwardClientInput.java:40)
	at org.gradle.internal.daemon.clientinput.ClientInputF
orwarder.forwardInput(ClientInputForwarder.java:80)
	at org.gradle.launcher.daemon.server.exec.ForwardClien
tInput.execute(ForwardClientInput.java:37)
	at org.gradle.launcher.daemon.server.api.DaemonCommand
Execution.proceed(DaemonCommandExecution.java:104)
	at org.gradle.launcher.daemon.server.exec.LogAndCheckH
ealth.execute(LogAndCheckHealth.java:53)
	at org.gradle.launcher.daemon.server.api.DaemonCommand
Execution.proceed(DaemonCommandExecution.java:104)
	at org.gradle.launcher.daemon.server.exec.LogToClient.
doBuild(LogToClient.java:63)
	at org.gradle.launcher.daemon.server.exec.BuildCommand
Only.execute(BuildCommandOnly.java:37)
	at org.gradle.launcher.daemon.server.api.DaemonCommand
Execution.proceed(DaemonCommandExecution.java:104)
	at org.gradle.launcher.daemon.server.exec.EstablishBui
ldEnvironment.doBuild(EstablishBuildEnvironment.java:84
)
	at org.gradle.launcher.daemon.server.exec.BuildCommand
Only.execute(BuildCommandOnly.java:37)
	at org.gradle.launcher.daemon.server.api.DaemonCommand
Execution.proceed(DaemonCommandExecution.java:104)
	at org.gradle.launcher.daemon.server.exec.StartBuildOr
RespondWithBusy$1.run(StartBuildOrRespondWithBusy.java:
52)
	at org.gradle.launcher.daemon.server.DaemonStateCoordi
nator.lambda$runCommand$0(DaemonStateCoordinator.java:3
21)
	at org.gradle.internal.concurrent.ExecutorPolicy$Catch
AndRecordFailures.onExecute(ExecutorPolicy.java:64)
	at org.gradle.internal.concurrent.AbstractManagedExecu
tor$1.run(AbstractManagedExecutor.java:48)
Caused by: org.gradle.api.internal.plugins.PluginApplic
ationException: Failed to apply plugin 
'com.android.internal.application'.
	at org.gradle.api.internal.plugins.DefaultPluginManage
r.doApply(DefaultPluginManager.java:176)
	at org.gradle.api.internal.plugins.DefaultPluginManage
r.apply(DefaultPluginManager.java:148)
	at org.gradle.api.internal.plugins.DefaultObjectConfig
urationAction.applyType(DefaultObjectConfigurationActio
n.java:162)
	at org.gradle.api.internal.plugins.DefaultObjectConfig
urationAction.access$200(DefaultObjectConfigurationActi
on.java:44)
	at org.gradle.api.internal.plugins.DefaultObjectConfig
urationAction$3.run(DefaultObjectConfigurationAction.ja
va:99)
	at org.gradle.api.internal.plugins.DefaultObjectConfig
urationAction.execute(DefaultObjectConfigurationAction.
java:185)
	at org.gradle.api.internal.project.AbstractPluginAware
.apply(AbstractPluginAware.java:49)
	at org.gradle.api.internal.project.DefaultProject.appl
y(DefaultProject.java:1547)
	at com.android.build.gradle.AppPlugin.apply(AppPlugin.
kt:28)
	at com.android.build.gradle.AppPlugin.apply(AppPlugin.
kt:24)
	at org.gradle.api.internal.plugins.ImperativeOnlyPlugi
nTarget.applyImperative(ImperativeOnlyPluginTarget.java
:54)
	at org.gradle.api.internal.plugins.RuleBasedPluginTarg
et.applyImperative(RuleBasedPluginTarget.java:51)
	at org.gradle.api.internal.plugins.ModelDefaultsApplyi
ngPluginTarget.applyImperative(ModelDefaultsApplyingPlu
ginTarget.java:46)
	at org.gradle.api.internal.plugins.DefaultPluginManage
r.addPlugin(DefaultPluginManager.java:190)
	at org.gradle.api.internal.plugins.DefaultPluginManage
r.access$100(DefaultPluginManager.java:54)
	at org.gradle.api.internal.plugins.DefaultPluginManage
r$AddPluginBuildOperation.run(DefaultPluginManager.java
:288)
	at org.gradle.internal.operations.DefaultBuildOperatio
nRunner$1.execute(DefaultBuildOperationRunner.java:29)
	at org.gradle.internal.operations.DefaultBuildOperatio
nRunner$1.execute(DefaultBuildOperationRunner.java:26)
	at org.gradle.internal.operations.DefaultBuildOperatio
nRunner$2.execute(DefaultBuildOperationRunner.java:66)
	at org.gradle.internal.operations.DefaultBuildOperatio
nRunner$2.execute(DefaultBuildOperationRunner.java:59)
	at org.gradle.internal.operations.DefaultBuildOperatio
nRunner.execute(DefaultBuildOperationRunner.java:166)
	at org.gradle.internal.operations.DefaultBuildOperatio
nRunner.execute(DefaultBuildOperationRunner.java:59)
	at org.gradle.internal.operations.DefaultBuildOperatio
nRunner.run(DefaultBuildOperationRunner.java:47)
	at org.gradle.api.internal.plugins.DefaultPluginManage
r.lambda$doApply$0(DefaultPluginManager.java:170)
	at org.gradle.internal.code.DefaultUserCodeApplication
Context.apply(DefaultUserCodeApplicationContext.java:44
)
	at org.gradle.api.internal.plugins.DefaultPluginManage
r.doApply(DefaultPluginManager.java:169)
	at org.gradle.api.internal.plugins.DefaultPluginManage
r.apply(DefaultPluginManager.java:139)
	at org.gradle.plugin.use.resolve.internal.ClassPathPlu
ginResolution.applyTo(ClassPathPluginResolution.java:50
)
	at org.gradle.plugin.use.internal.DefaultPluginRequest
Applicator$ApplyAction.apply(DefaultPluginRequestApplic
ator.java:156)

Deprecated Gradle features were used in this build, making it incompatible with Gradle 9.0.

You can use '--warning-mode all' to show the individual deprecation warnings and determine if they come from your own scripts or plugins.

For more on this, please refer to https://docs.gradle.org/8.11.1/userguide/command_line_interface.html#sec:command_line_warnings in the Gradle documentation.
	... 158 more
Caused by: 
com.android.builder.errors.EvalIssueException: Android 
Gradle plugin requires Java 17 to run. You are 
currently using Java 11.
 Your current JDK is located in C:\Program 
Files\Microsoft\jdk-11.0.16.101-hotspot
 You can try some of the following options:
  - changing the IDE settings.
  - changing the JAVA_HOME environment variable.
  - changing `org.gradle.java.home` in 
`gradle.properties`.
	at com.android.builder.errors.IssueReporter.reportErro
r(IssueReporter.kt:118)
	at com.android.builder.errors.IssueReporter.reportErro
r$default(IssueReporter.kt:113)
	at com.android.build.gradle.internal.plugins.AndroidPl
uginBaseServices.checkMinJvmVersion(AndroidPluginBaseSe
rvices.kt:334)
	at com.android.build.gradle.internal.plugins.AndroidPl
uginBaseServices.basePluginApply(AndroidPluginBaseServi
ces.kt:131)
	at com.android.build.gradle.internal.plugins.BasePlugi
n$apply$1.run(BasePlugin.kt:357)
	at com.android.build.gradle.internal.crash.CrashReport
ing.runAction(crash_reporting.kt:27)
	at com.android.build.gradle.internal.plugins.BasePlugi
n.apply(BasePlugin.kt:356)
	at com.android.build.gradle.internal.plugins.BasePlugi
n.apply(BasePlugin.kt:127)
	at org.gradle.api.internal.plugins.ImperativeOnlyPlugi
nTarget.applyImperative(ImperativeOnlyPluginTarget.java
:54)
	at org.gradle.api.internal.plugins.RuleBasedPluginTarg
et.applyImperative(RuleBasedPluginTarget.java:51)
	at org.gradle.api.internal.plugins.ModelDefaultsApplyi
ngPluginTarget.applyImperative(ModelDefaultsApplyingPlu
ginTarget.java:46)
	at org.gradle.api.internal.plugins.DefaultPluginManage
r.addPlugin(DefaultPluginManager.java:190)
	at org.gradle.api.internal.plugins.DefaultPluginManage
r.access$100(DefaultPluginManager.java:54)
	at org.gradle.api.internal.plugins.DefaultPluginManage
r$AddPluginBuildOperation.run(DefaultPluginManager.java
:288)
	at org.gradle.internal.operations.DefaultBuildOperatio
nRunner$1.execute(DefaultBuildOperationRunner.java:29)
	at org.gradle.internal.operations.DefaultBuildOperatio
nRunner$1.execute(DefaultBuildOperationRunner.java:26)
	at org.gradle.internal.operations.DefaultBuildOperatio
nRunner$2.execute(DefaultBuildOperationRunner.java:66)
	at org.gradle.internal.operations.DefaultBuildOperatio
nRunner$2.execute(DefaultBuildOperationRunner.java:59)
	at org.gradle.internal.operations.DefaultBuildOperatio
nRunner.execute(DefaultBuildOperationRunner.java:166)
	at org.gradle.internal.operations.DefaultBuildOperatio
nRunner.execute(DefaultBuildOperationRunner.java:59)
	at org.gradle.internal.operations.DefaultBuildOperatio
nRunner.run(DefaultBuildOperationRunner.java:47)
	at org.gradle.api.internal.plugins.DefaultPluginManage
r.lambda$doApply$0(DefaultPluginManager.java:170)
	at org.gradle.internal.code.DefaultUserCodeApplication
Context.apply(DefaultUserCodeApplicationContext.java:44
)
	at org.gradle.api.internal.plugins.DefaultPluginManage
r.doApply(DefaultPluginManager.java:169)
	... 186 more


BUILD FAILED in 16s
